
amr@amr-PC MINGW64 / (master)
$ git init
Reinitialized existing Git repository in C:/Program Files/Git/.git/

amr@amr-PC MINGW64 / (master)
$ git init uj
Initialized empty Git repository in C:/Program Files/Git/uj/.git/

amr@amr-PC MINGW64 / (master)
$ cd uj

amr@amr-PC MINGW64 /uj (master)
$ git status
On branch master

No commits yet

nothing to commit (create/copy files and use "git add" to track)

amr@amr-PC MINGW64 /uj (master)
$ git status
On branch master

No commits yet

nothing to commit (create/copy files and use "git add" to track)

amr@amr-PC MINGW64 /uj (master)
$ git add .

amr@amr-PC MINGW64 /uj (master)
$ git status
On branch master

No commits yet

Untracked files:
  (use "git add <file>..." to include in what will be committed)

        first.txt
        second.txt
        third.txt

nothing added to commit but untracked files present (use "git add" to track)

amr@amr-PC MINGW64 /uj (master)
$ git add .

amr@amr-PC MINGW64 /uj (master)
$ git status
On branch master

No commits yet

Changes to be committed:
  (use "git rm --cached <file>..." to unstage)

        new file:   first.txt
        new file:   second.txt
        new file:   third.txt


amr@amr-PC MINGW64 /uj (master)
$ git commit -m"1.1 Getting Started - About Version Control"

*** Please tell me who you are.

Run

  git config --global user.email "you@example.com"
  git config --global user.name "Your Name"

to set your account's default identity.
Omit --global to set the identity only in this repository.

fatal: unable to auto-detect email address (got 'amr@amr-PC.(none)')

amr@amr-PC MINGW64 /uj (master)
$ git config --global user.email "amr.samih@hotmail.com"

amr@amr-PC MINGW64 /uj (master)
$ git config --global user.name "AmrSamih"

amr@amr-PC MINGW64 /uj (master)
$ git commit -m"files are in the repo"
[master (root-commit) 025d042] files are in the repo
 3 files changed, 187 insertions(+)
 create mode 100644 first.txt
 create mode 100644 second.txt
 create mode 100644 third.txt

amr@amr-PC MINGW64 /uj (master)
$ git status
On branch master
nothing to commit, working tree clean

amr@amr-PC MINGW64 /uj (master)
$ git rm second.txt
rm 'second.txt'

amr@amr-PC MINGW64 /uj (master)
$ git commit -m"two files in the repo"
[master 78ff5c1] two files in the repo
 1 file changed, 100 deletions(-)
 delete mode 100644 second.txt

amr@amr-PC MINGW64 /uj (master)
$ git status
On branch master
nothing to commit, working tree clean

amr@amr-PC MINGW64 /uj (master)
$ git rm --cached second.txt
fatal: pathspec 'second.txt' did not match any files

amr@amr-PC MINGW64 /uj (master)
$ git status
On branch master
nothing to commit, working tree clean

amr@amr-PC MINGW64 /uj (master)
$ git checkout HEAD^ second.txt

amr@amr-PC MINGW64 /uj (master)
$ git status
On branch master
Changes to be committed:
  (use "git reset HEAD <file>..." to unstage)

        new file:   second.txt


amr@amr-PC MINGW64 /uj (master)
$ git commit -m"three files in the repo"
[master 84437c6] three files in the repo
 1 file changed, 100 insertions(+)
 create mode 100644 second.txt

amr@amr-PC MINGW64 /uj (master)
$ git status
On branch master
nothing to commit, working tree clean

amr@amr-PC MINGW64 /uj (master)
$ git remote add origin https://github.com/AmrSamih/io.git

amr@amr-PC MINGW64 /uj (master)
$ git remote -v
origin  https://github.com/AmrSamih/io.git (fetch)
origin  https://github.com/AmrSamih/io.git (push)

amr@amr-PC MINGW64 /uj (master)
$ git push origin masterTo https://github.com/AmrSamih/io.git
 ! [rejected]        master -> master (fetch first)
error: failed to push some refs to 'https://github.com/AmrSamih/io.git'
hint: Updates were rejected because the remote contains work that you do
hint: not have locally. This is usually caused by another repository pushing
hint: to the same ref. You may want to first integrate the remote changes
hint: (e.g., 'git pull ...') before pushing again.
hint: See the 'Note about fast-forwards' in 'git push --help' for details.

amr@amr-PC MINGW64 /uj (master)
$

amr@amr-PC MINGW64 /uj (master)
$ git remote -v
origin  https://github.com/AmrSamih/io.git (fetch)
origin  https://github.com/AmrSamih/io.git (push)

amr@amr-PC MINGW64 /uj (master)
$ git push origin master
To https://github.com/AmrSamih/io.git
 ! [rejected]        master -> master (fetch first)
error: failed to push some refs to 'https://github.com/AmrSamih/io.git'
hint: Updates were rejected because the remote contains work that you do
hint: not have locally. This is usually caused by another repository pushing
hint: to the same ref. You may want to first integrate the remote changes
hint: (e.g., 'git pull ...') before pushing again.
hint: See the 'Note about fast-forwards' in 'git push --help' for details.

amr@amr-PC MINGW64 /uj (master)
$ git push origin master --force
Counting objects: 8, done.
Delta compression using up to 4 threads.
Compressing objects: 100% (8/8), done.
Writing objects: 100% (8/8), 8.27 KiB | 2.76 MiB/s, done.
Total 8 (delta 1), reused 0 (delta 0)
remote: Resolving deltas: 100% (1/1), done.
To https://github.com/AmrSamih/io.git
 + 4238bdc...84437c6 master -> master (forced update)

amr@amr-PC MINGW64 /uj (master)
$ touch README.md

amr@amr-PC MINGW64 /uj (master)
$ git status
On branch master
Untracked files:
  (use "git add <file>..." to include in what will be committed)

        README.md

nothing added to commit but untracked files present (use "git add" to track)

amr@amr-PC MINGW64 /uj (master)
$ git checkout -b  README
Switched to a new branch 'README'

amr@amr-PC MINGW64 /uj (README)
$ git add README.md

amr@amr-PC MINGW64 /uj (README)
$ git commit -m"read this"
[README 3ac0879] read this
 1 file changed, 22 insertions(+)
 create mode 100644 README.md

amr@amr-PC MINGW64 /uj (README)
$ git status
On branch README
nothing to commit, working tree clean

amr@amr-PC MINGW64 /uj (README)
$ git merge README
Already up to date.

amr@amr-PC MINGW64 /uj (README)
$ git checkout master
Switched to branch 'master'

amr@amr-PC MINGW64 /uj (master)
$ git merge README
Updating 84437c6..3ac0879
Fast-forward
 README.md | 22 ++++++++++++++++++++++
 1 file changed, 22 insertions(+)
 create mode 100644 README.md

amr@amr-PC MINGW64 /uj (master)
$
